// Vitest Snapshot v1, https://vitest.dev/guide/snapshot.html

exports[`BacktestMetricsGrid (Q-027 PoC) > renders all three metric tiles with formatted percent / count values 1`] = `
<div
  class="grid grid-cols-3 gap-4"
>
  <div
    class="rounded-lg border border-slate-800 p-4"
  >
    <p
      class="text-xs text-slate-500 uppercase"
    >
      Win rate
    </p>
    <p
      class="text-xl text-emerald-400"
    >
      57.05
      %
    </p>
  </div>
  <div
    class="rounded-lg border border-slate-800 p-4"
  >
    <p
      class="text-xs text-slate-500 uppercase"
    >
      Trades
    </p>
    <p
      class="text-xl text-slate-100"
    >
      1390
    </p>
  </div>
  <div
    class="rounded-lg border border-slate-800 p-4"
  >
    <p
      class="text-xs text-slate-500 uppercase"
    >
      Avg return
    </p>
    <p
      class="text-xl text-slate-100"
    >
      1.41
      %
    </p>
  </div>
</div>
`;
